#line 1 "init_dot.bi"

#init "XX.main"

jp XX.main
push namespace XX
main:
   nop

pop namespace
ret
