#line 1 "once_base.bi"

#line 1 "once.bi"


DIM a as Ubyte



DIM b as Ubyte
#line 3 "once_base.bi"

