#line 1 "once.bi"


DIM a as Ubyte



DIM b as Ubyte
