#line 1 "prepro91.bi"

#line 7 "prepro91.bi"
   OK
#line 9 "prepro91.bi"
