#line 1 "prepro63.bi"


#line 4 "prepro63.bi"

XX5
