#line 1 "prepro94.bi"


#line 8 "prepro94.bi"
  OK
#line 10 "prepro94.bi"
