#line 1 "prepro38.bi"

#line 4 "prepro38.bi"


    Test
#line 6
