#line 1 "prepro56.bi"

#line 3 "prepro56.bi"

#line 7 "prepro56.bi"
