#line 1 "prepro21.bi"



#line 5 "prepro21.bi"
#line 6 "prepro21.bi"

10
