#line 1 "prepro03.bi"

#line 4 "prepro03.bi"
#line 5 "prepro03.bi"

x 
    this line must be compiled
#line 7
y
