#line 1 "prepro17.bi"




#line 6 "prepro17.bi"

PRINT PRINT PRINT 10;;;
