#line 1 "prepro39.bi"



#line 6 "prepro39.bi"


    PRINT ,
#line 8
