#line 1 "prepro82.bi"



   
   PRINT "test"
#line 7 "prepro82.bi"
