#line 1 "prepro26.bi"



#line 5 "prepro26.bi"

(x + y) + 4 * 2
