#line 1 "prepro25.bi"



#line 5 "prepro25.bi"

(x + y) * 2
