#line 1 "prepro23.bi"



#line 5 "prepro23.bi"
#line 6 "prepro23.bi"
#line 7 "prepro23.bi"

PRINT 10;
