#line 1 "prepro95.bi"

#line 11 "prepro95.bi"
 OK
#line 13 "prepro95.bi"
