#line 1 "prepro50.bi"

#line 3 "prepro50.bi"


print 1

#line 8 "prepro50.bi"
