#line 1 "prepro55.bi"

#line 3 "prepro55.bi"


ok 
#line 7 "prepro55.bi"
