#line 1 "prepro13.bi"



#line 5 "prepro13.bi"
#line 6 "prepro13.bi"

PRINT "HELLO WORLD"
