#line 1 "prepro11.bi"



#line 5 "prepro11.bi"
#line 6 "prepro11.bi"

PRINT "HELLO WORLD"
