#line 1 "prepro70.bi"
DIM b



#line 1 "./prepro70.bi"
DIM b
#line 10 "./prepro70.bi"
#line 6 "prepro70.bi"

DIM a

#line 10 "prepro70.bi"
