#line 1 "prepro59.bi"

#line 3 "prepro59.bi"

LET a$ = (a$ + CHR$(0))
