#line 1 "prepro80.bi"






	asm 
		halt 
		halt 
	end asm
#line 11

	asm 
		halt 
		halt 
	end asm
#line 12

#line 14 "prepro80.bi"
