#line 1 "prepro61.bi"


#line 4 "prepro61.bi"

xx 1 aa 1 x(1)
