#line 1 "prepro06.bi"

#line 3 "prepro06.bi"


func ()
