#line 1 "prepro93.bi"



#line 9 "prepro93.bi"
OK
#line 11 "prepro93.bi"
