#line 1 "prepro05.bi"

#line 3 "prepro05.bi"
#line 4 "prepro05.bi"

y
test2
