#line 1 "prepro90.bi"

#line 3 "prepro90.bi"

#line 7 "prepro90.bi"
   OK
#line 9 "prepro90.bi"
