#line 1 "prepro12.bi"



#line 5 "prepro12.bi"
#line 6 "prepro12.bi"

)PRINT "HELLO WORLD"
