#line 1 "prepro75.bi"
A = 0


#line 1 "prepro75.bi"
A = 0
#line 6 "prepro75.bi"
#line 5 "prepro75.bi"
#line 6 "prepro75.bi"
