#line 1 "stringizing1.bi"


#line 4 "stringizing1.bi"
#line 5 "stringizing1.bi"

"ab"
"5"
