#line 1 "stringizing0.bi"


#line 4 "stringizing0.bi"

"1"
