#line 1 "token-paste0.bi"


#line 4 "token-paste0.bi"

AB


A ## B
