#line 1 "token-paste1.bi"


#line 4 "token-paste1.bi"

#line 6 "token-paste1.bi"

(AA 1)
